Archive member included to satisfy reference by file (symbol)

/opt/pebble/Pebble/aplite/lib/libpebble.a(tmpvXKNpYpebble.o)
                              src/bso.c.18.o (app_event_loop)
/usr/lib/gcc/arm-none-eabi/5.2.0/../../../../arm-none-eabi/lib/armv7-m/libc.a(lib_a-atexit.o)
                              /usr/lib/gcc/arm-none-eabi/5.2.0/../../../../arm-none-eabi/lib/armv7-m/crt0.o (atexit)
/usr/lib/gcc/arm-none-eabi/5.2.0/../../../../arm-none-eabi/lib/armv7-m/libc.a(lib_a-exit.o)
                              /usr/lib/gcc/arm-none-eabi/5.2.0/../../../../arm-none-eabi/lib/armv7-m/crt0.o (exit)
/usr/lib/gcc/arm-none-eabi/5.2.0/../../../../arm-none-eabi/lib/armv7-m/libc.a(lib_a-fini.o)
                              /usr/lib/gcc/arm-none-eabi/5.2.0/../../../../arm-none-eabi/lib/armv7-m/crt0.o (__libc_fini_array)
/usr/lib/gcc/arm-none-eabi/5.2.0/../../../../arm-none-eabi/lib/armv7-m/libc.a(lib_a-impure.o)
                              /usr/lib/gcc/arm-none-eabi/5.2.0/../../../../arm-none-eabi/lib/armv7-m/libc.a(lib_a-exit.o) (_global_impure_ptr)
/usr/lib/gcc/arm-none-eabi/5.2.0/../../../../arm-none-eabi/lib/armv7-m/libc.a(lib_a-init.o)
                              /usr/lib/gcc/arm-none-eabi/5.2.0/../../../../arm-none-eabi/lib/armv7-m/crt0.o (__libc_init_array)
/usr/lib/gcc/arm-none-eabi/5.2.0/../../../../arm-none-eabi/lib/armv7-m/libc.a(lib_a-__atexit.o)
                              /usr/lib/gcc/arm-none-eabi/5.2.0/../../../../arm-none-eabi/lib/armv7-m/libc.a(lib_a-atexit.o) (__register_exitproc)
/usr/lib/gcc/arm-none-eabi/5.2.0/../../../../arm-none-eabi/lib/armv7-m/libc.a(lib_a-__call_atexit.o)
                              /usr/lib/gcc/arm-none-eabi/5.2.0/../../../../arm-none-eabi/lib/armv7-m/libc.a(lib_a-exit.o) (__call_exitprocs)

Discarded input sections

 .text          0x0000000000000000        0x0 /usr/lib/gcc/arm-none-eabi/5.2.0/armv7-m/crti.o
 .bss           0x0000000000000000        0x0 /usr/lib/gcc/arm-none-eabi/5.2.0/armv7-m/crti.o
 .init          0x0000000000000000        0x4 /usr/lib/gcc/arm-none-eabi/5.2.0/armv7-m/crti.o
 .fini          0x0000000000000000        0x4 /usr/lib/gcc/arm-none-eabi/5.2.0/armv7-m/crti.o
 .text          0x0000000000000000        0x0 /usr/lib/gcc/arm-none-eabi/5.2.0/armv7-m/crtbegin.o
 .bss           0x0000000000000000        0x0 /usr/lib/gcc/arm-none-eabi/5.2.0/armv7-m/crtbegin.o
 .init_array    0x0000000000000000        0x4 /usr/lib/gcc/arm-none-eabi/5.2.0/armv7-m/crtbegin.o
 .fini_array    0x0000000000000000        0x4 /usr/lib/gcc/arm-none-eabi/5.2.0/armv7-m/crtbegin.o
 .eh_frame      0x0000000000000000        0x0 /usr/lib/gcc/arm-none-eabi/5.2.0/armv7-m/crtbegin.o
 .jcr           0x0000000000000000        0x0 /usr/lib/gcc/arm-none-eabi/5.2.0/armv7-m/crtbegin.o
 .data.__dso_handle
                0x0000000000000000        0x4 /usr/lib/gcc/arm-none-eabi/5.2.0/armv7-m/crtbegin.o
 .text.__do_global_dtors_aux
                0x0000000000000000       0x28 /usr/lib/gcc/arm-none-eabi/5.2.0/armv7-m/crtbegin.o
 .text.frame_dummy
                0x0000000000000000       0x34 /usr/lib/gcc/arm-none-eabi/5.2.0/armv7-m/crtbegin.o
 .bss.completed.8358
                0x0000000000000000        0x1 /usr/lib/gcc/arm-none-eabi/5.2.0/armv7-m/crtbegin.o
 .bss.object.8363
                0x0000000000000000       0x18 /usr/lib/gcc/arm-none-eabi/5.2.0/armv7-m/crtbegin.o
 .text          0x0000000000000000       0x68 /usr/lib/gcc/arm-none-eabi/5.2.0/../../../../arm-none-eabi/lib/armv7-m/crt0.o
 .bss           0x0000000000000000        0x0 /usr/lib/gcc/arm-none-eabi/5.2.0/../../../../arm-none-eabi/lib/armv7-m/crt0.o
 .ARM.extab     0x0000000000000000        0x0 /usr/lib/gcc/arm-none-eabi/5.2.0/../../../../arm-none-eabi/lib/armv7-m/crt0.o
 .ARM.exidx     0x0000000000000000        0x8 /usr/lib/gcc/arm-none-eabi/5.2.0/../../../../arm-none-eabi/lib/armv7-m/crt0.o
 .text          0x0000000000000000        0x0 src/bso.c.18.o
 .bss           0x0000000000000000        0x0 src/bso.c.18.o
 .text          0x0000000000000000        0x0 aplite/appinfo.auto.c.18.o
 .bss           0x0000000000000000        0x0 aplite/appinfo.auto.c.18.o
 .bss           0x0000000000000000        0x0 /opt/pebble/Pebble/aplite/lib/libpebble.a(tmpvXKNpYpebble.o)
 .text.accel_data_service_subscribe__deprecated
                0x0000000000000000        0xc /opt/pebble/Pebble/aplite/lib/libpebble.a(tmpvXKNpYpebble.o)
 .text.accel_data_service_unsubscribe
                0x0000000000000000        0xc /opt/pebble/Pebble/aplite/lib/libpebble.a(tmpvXKNpYpebble.o)
 .text.accel_service_peek
                0x0000000000000000        0xc /opt/pebble/Pebble/aplite/lib/libpebble.a(tmpvXKNpYpebble.o)
 .text.accel_service_set_samples_per_update
                0x0000000000000000        0xc /opt/pebble/Pebble/aplite/lib/libpebble.a(tmpvXKNpYpebble.o)
 .text.accel_service_set_sampling_rate
                0x0000000000000000        0xc /opt/pebble/Pebble/aplite/lib/libpebble.a(tmpvXKNpYpebble.o)
 .text.accel_tap_service_subscribe
                0x0000000000000000        0xc /opt/pebble/Pebble/aplite/lib/libpebble.a(tmpvXKNpYpebble.o)
 .text.accel_tap_service_unsubscribe
                0x0000000000000000        0xc /opt/pebble/Pebble/aplite/lib/libpebble.a(tmpvXKNpYpebble.o)
 .text.action_bar_layer_add_to_window
                0x0000000000000000        0xc /opt/pebble/Pebble/aplite/lib/libpebble.a(tmpvXKNpYpebble.o)
 .text.action_bar_layer_clear_icon
                0x0000000000000000        0xc /opt/pebble/Pebble/aplite/lib/libpebble.a(tmpvXKNpYpebble.o)
 .text.action_bar_layer_create
                0x0000000000000000        0xc /opt/pebble/Pebble/aplite/lib/libpebble.a(tmpvXKNpYpebble.o)
 .text.action_bar_layer_destroy
                0x0000000000000000        0xc /opt/pebble/Pebble/aplite/lib/libpebble.a(tmpvXKNpYpebble.o)
 .text.action_bar_layer_get_layer
                0x0000000000000000        0xc /opt/pebble/Pebble/aplite/lib/libpebble.a(tmpvXKNpYpebble.o)
 .text.action_bar_layer_remove_from_window
                0x0000000000000000        0xc /opt/pebble/Pebble/aplite/lib/libpebble.a(tmpvXKNpYpebble.o)
 .text.action_bar_layer_set_background_color
                0x0000000000000000        0xc /opt/pebble/Pebble/aplite/lib/libpebble.a(tmpvXKNpYpebble.o)
 .text.action_bar_layer_set_click_config_provider
                0x0000000000000000        0xc /opt/pebble/Pebble/aplite/lib/libpebble.a(tmpvXKNpYpebble.o)
 .text.action_bar_layer_set_context
                0x0000000000000000        0xc /opt/pebble/Pebble/aplite/lib/libpebble.a(tmpvXKNpYpebble.o)
 .text.action_bar_layer_set_icon
                0x0000000000000000        0xc /opt/pebble/Pebble/aplite/lib/libpebble.a(tmpvXKNpYpebble.o)
 .text.animation_create
                0x0000000000000000        0xc /opt/pebble/Pebble/aplite/lib/libpebble.a(tmpvXKNpYpebble.o)
 .text.animation_destroy
                0x0000000000000000        0xc /opt/pebble/Pebble/aplite/lib/libpebble.a(tmpvXKNpYpebble.o)
 .text.animation_get_context
                0x0000000000000000        0xc /opt/pebble/Pebble/aplite/lib/libpebble.a(tmpvXKNpYpebble.o)
 .text.animation_is_scheduled
                0x0000000000000000        0xc /opt/pebble/Pebble/aplite/lib/libpebble.a(tmpvXKNpYpebble.o)
 .text.animation_schedule
                0x0000000000000000        0xc /opt/pebble/Pebble/aplite/lib/libpebble.a(tmpvXKNpYpebble.o)
 .text.animation_set_curve
                0x0000000000000000        0xc /opt/pebble/Pebble/aplite/lib/libpebble.a(tmpvXKNpYpebble.o)
 .text.animation_set_delay
                0x0000000000000000        0xc /opt/pebble/Pebble/aplite/lib/libpebble.a(tmpvXKNpYpebble.o)
 .text.animation_set_duration
                0x0000000000000000        0xc /opt/pebble/Pebble/aplite/lib/libpebble.a(tmpvXKNpYpebble.o)
 .text.animation_set_handlers
                0x0000000000000000        0xc /opt/pebble/Pebble/aplite/lib/libpebble.a(tmpvXKNpYpebble.o)
 .text.animation_set_implementation
                0x0000000000000000        0xc /opt/pebble/Pebble/aplite/lib/libpebble.a(tmpvXKNpYpebble.o)
 .text.animation_unschedule
                0x0000000000000000        0xc /opt/pebble/Pebble/aplite/lib/libpebble.a(tmpvXKNpYpebble.o)
 .text.animation_unschedule_all
                0x0000000000000000        0xc /opt/pebble/Pebble/aplite/lib/libpebble.a(tmpvXKNpYpebble.o)
 .text.app_comm_get_sniff_interval
                0x0000000000000000        0xc /opt/pebble/Pebble/aplite/lib/libpebble.a(tmpvXKNpYpebble.o)
 .text.app_comm_set_sniff_interval
                0x0000000000000000        0xc /opt/pebble/Pebble/aplite/lib/libpebble.a(tmpvXKNpYpebble.o)
 .text.app_message_deregister_callbacks
                0x0000000000000000        0xc /opt/pebble/Pebble/aplite/lib/libpebble.a(tmpvXKNpYpebble.o)
 .text.app_message_open
                0x0000000000000000        0xc /opt/pebble/Pebble/aplite/lib/libpebble.a(tmpvXKNpYpebble.o)
 .text.app_sync_deinit
                0x0000000000000000        0xc /opt/pebble/Pebble/aplite/lib/libpebble.a(tmpvXKNpYpebble.o)
 .text.app_sync_get
                0x0000000000000000        0xc /opt/pebble/Pebble/aplite/lib/libpebble.a(tmpvXKNpYpebble.o)
 .text.app_sync_init
                0x0000000000000000        0xc /opt/pebble/Pebble/aplite/lib/libpebble.a(tmpvXKNpYpebble.o)
 .text.app_sync_set
                0x0000000000000000        0xc /opt/pebble/Pebble/aplite/lib/libpebble.a(tmpvXKNpYpebble.o)
 .text.app_timer_cancel
                0x0000000000000000        0xc /opt/pebble/Pebble/aplite/lib/libpebble.a(tmpvXKNpYpebble.o)
 .text.app_timer_register
                0x0000000000000000        0xc /opt/pebble/Pebble/aplite/lib/libpebble.a(tmpvXKNpYpebble.o)
 .text.app_timer_reschedule
                0x0000000000000000        0xc /opt/pebble/Pebble/aplite/lib/libpebble.a(tmpvXKNpYpebble.o)
 .text.atan2_lookup
                0x0000000000000000        0xc /opt/pebble/Pebble/aplite/lib/libpebble.a(tmpvXKNpYpebble.o)
 .text.atoi     0x0000000000000000        0xc /opt/pebble/Pebble/aplite/lib/libpebble.a(tmpvXKNpYpebble.o)
 .text.atol     0x0000000000000000        0xc /opt/pebble/Pebble/aplite/lib/libpebble.a(tmpvXKNpYpebble.o)
 .text.battery_state_service_peek
                0x0000000000000000        0xc /opt/pebble/Pebble/aplite/lib/libpebble.a(tmpvXKNpYpebble.o)
 .text.battery_state_service_subscribe
                0x0000000000000000        0xc /opt/pebble/Pebble/aplite/lib/libpebble.a(tmpvXKNpYpebble.o)
 .text.battery_state_service_unsubscribe
                0x0000000000000000        0xc /opt/pebble/Pebble/aplite/lib/libpebble.a(tmpvXKNpYpebble.o)
 .text.bitmap_layer_create
                0x0000000000000000        0xc /opt/pebble/Pebble/aplite/lib/libpebble.a(tmpvXKNpYpebble.o)
 .text.bitmap_layer_destroy
                0x0000000000000000        0xc /opt/pebble/Pebble/aplite/lib/libpebble.a(tmpvXKNpYpebble.o)
 .text.bitmap_layer_get_layer
                0x0000000000000000        0xc /opt/pebble/Pebble/aplite/lib/libpebble.a(tmpvXKNpYpebble.o)
 .text.bitmap_layer_set_alignment
                0x0000000000000000        0xc /opt/pebble/Pebble/aplite/lib/libpebble.a(tmpvXKNpYpebble.o)
 .text.bitmap_layer_set_background_color
                0x0000000000000000        0xc /opt/pebble/Pebble/aplite/lib/libpebble.a(tmpvXKNpYpebble.o)
 .text.bitmap_layer_set_bitmap
                0x0000000000000000        0xc /opt/pebble/Pebble/aplite/lib/libpebble.a(tmpvXKNpYpebble.o)
 .text.bitmap_layer_set_compositing_mode
                0x0000000000000000        0xc /opt/pebble/Pebble/aplite/lib/libpebble.a(tmpvXKNpYpebble.o)
 .text.bluetooth_connection_service_peek
                0x0000000000000000        0xc /opt/pebble/Pebble/aplite/lib/libpebble.a(tmpvXKNpYpebble.o)
 .text.bluetooth_connection_service_subscribe
                0x0000000000000000        0xc /opt/pebble/Pebble/aplite/lib/libpebble.a(tmpvXKNpYpebble.o)
 .text.bluetooth_connection_service_unsubscribe
                0x0000000000000000        0xc /opt/pebble/Pebble/aplite/lib/libpebble.a(tmpvXKNpYpebble.o)
 .text.click_number_of_clicks_counted
                0x0000000000000000        0xc /opt/pebble/Pebble/aplite/lib/libpebble.a(tmpvXKNpYpebble.o)
 .text.click_recognizer_get_button_id
                0x0000000000000000        0xc /opt/pebble/Pebble/aplite/lib/libpebble.a(tmpvXKNpYpebble.o)
 .text.clock_copy_time_string
                0x0000000000000000        0xc /opt/pebble/Pebble/aplite/lib/libpebble.a(tmpvXKNpYpebble.o)
 .text.clock_is_24h_style
                0x0000000000000000        0xc /opt/pebble/Pebble/aplite/lib/libpebble.a(tmpvXKNpYpebble.o)
 .text.cos_lookup
                0x0000000000000000        0xc /opt/pebble/Pebble/aplite/lib/libpebble.a(tmpvXKNpYpebble.o)
 .text.data_logging_create
                0x0000000000000000        0xc /opt/pebble/Pebble/aplite/lib/libpebble.a(tmpvXKNpYpebble.o)
 .text.data_logging_finish
                0x0000000000000000        0xc /opt/pebble/Pebble/aplite/lib/libpebble.a(tmpvXKNpYpebble.o)
 .text.data_logging_log
                0x0000000000000000        0xc /opt/pebble/Pebble/aplite/lib/libpebble.a(tmpvXKNpYpebble.o)
 .text.dict_calc_buffer_size
                0x0000000000000000        0xc /opt/pebble/Pebble/aplite/lib/libpebble.a(tmpvXKNpYpebble.o)
 .text.dict_calc_buffer_size_from_tuplets
                0x0000000000000000        0xc /opt/pebble/Pebble/aplite/lib/libpebble.a(tmpvXKNpYpebble.o)
 .text.dict_find
                0x0000000000000000        0xc /opt/pebble/Pebble/aplite/lib/libpebble.a(tmpvXKNpYpebble.o)
 .text.dict_merge
                0x0000000000000000        0xc /opt/pebble/Pebble/aplite/lib/libpebble.a(tmpvXKNpYpebble.o)
 .text.dict_read_begin_from_buffer
                0x0000000000000000        0xc /opt/pebble/Pebble/aplite/lib/libpebble.a(tmpvXKNpYpebble.o)
 .text.dict_read_first
                0x0000000000000000        0xc /opt/pebble/Pebble/aplite/lib/libpebble.a(tmpvXKNpYpebble.o)
 .text.dict_read_next
                0x0000000000000000        0xc /opt/pebble/Pebble/aplite/lib/libpebble.a(tmpvXKNpYpebble.o)
 .text.dict_serialize_tuplets
                0x0000000000000000        0xc /opt/pebble/Pebble/aplite/lib/libpebble.a(tmpvXKNpYpebble.o)
 .text.dict_serialize_tuplets_to_buffer__deprecated
                0x0000000000000000        0xc /opt/pebble/Pebble/aplite/lib/libpebble.a(tmpvXKNpYpebble.o)
 .text.dict_serialize_tuplets_to_buffer_with_iter
                0x0000000000000000        0xc /opt/pebble/Pebble/aplite/lib/libpebble.a(tmpvXKNpYpebble.o)
 .text.dict_write_begin
                0x0000000000000000        0xc /opt/pebble/Pebble/aplite/lib/libpebble.a(tmpvXKNpYpebble.o)
 .text.dict_write_cstring
                0x0000000000000000        0xc /opt/pebble/Pebble/aplite/lib/libpebble.a(tmpvXKNpYpebble.o)
 .text.dict_write_data
                0x0000000000000000        0xc /opt/pebble/Pebble/aplite/lib/libpebble.a(tmpvXKNpYpebble.o)
 .text.dict_write_end
                0x0000000000000000        0xc /opt/pebble/Pebble/aplite/lib/libpebble.a(tmpvXKNpYpebble.o)
 .text.dict_write_int
                0x0000000000000000        0xc /opt/pebble/Pebble/aplite/lib/libpebble.a(tmpvXKNpYpebble.o)
 .text.dict_write_int16
                0x0000000000000000        0xc /opt/pebble/Pebble/aplite/lib/libpebble.a(tmpvXKNpYpebble.o)
 .text.dict_write_int32
                0x0000000000000000        0xc /opt/pebble/Pebble/aplite/lib/libpebble.a(tmpvXKNpYpebble.o)
 .text.dict_write_int8
                0x0000000000000000        0xc /opt/pebble/Pebble/aplite/lib/libpebble.a(tmpvXKNpYpebble.o)
 .text.dict_write_tuplet
                0x0000000000000000        0xc /opt/pebble/Pebble/aplite/lib/libpebble.a(tmpvXKNpYpebble.o)
 .text.dict_write_uint16
                0x0000000000000000        0xc /opt/pebble/Pebble/aplite/lib/libpebble.a(tmpvXKNpYpebble.o)
 .text.dict_write_uint32
                0x0000000000000000        0xc /opt/pebble/Pebble/aplite/lib/libpebble.a(tmpvXKNpYpebble.o)
 .text.dict_write_uint8
                0x0000000000000000        0xc /opt/pebble/Pebble/aplite/lib/libpebble.a(tmpvXKNpYpebble.o)
 .text.fonts_load_custom_font
                0x0000000000000000        0xc /opt/pebble/Pebble/aplite/lib/libpebble.a(tmpvXKNpYpebble.o)
 .text.fonts_unload_custom_font
                0x0000000000000000        0xc /opt/pebble/Pebble/aplite/lib/libpebble.a(tmpvXKNpYpebble.o)
 .text.free     0x0000000000000000        0xc /opt/pebble/Pebble/aplite/lib/libpebble.a(tmpvXKNpYpebble.o)
 .text.gbitmap_create_as_sub_bitmap
                0x0000000000000000        0xc /opt/pebble/Pebble/aplite/lib/libpebble.a(tmpvXKNpYpebble.o)
 .text.gbitmap_create_with_data
                0x0000000000000000        0xc /opt/pebble/Pebble/aplite/lib/libpebble.a(tmpvXKNpYpebble.o)
 .text.gbitmap_create_with_resource
                0x0000000000000000        0xc /opt/pebble/Pebble/aplite/lib/libpebble.a(tmpvXKNpYpebble.o)
 .text.gbitmap_destroy
                0x0000000000000000        0xc /opt/pebble/Pebble/aplite/lib/libpebble.a(tmpvXKNpYpebble.o)
 .text.gmtime   0x0000000000000000        0xc /opt/pebble/Pebble/aplite/lib/libpebble.a(tmpvXKNpYpebble.o)
 .text.gpath_create
                0x0000000000000000        0xc /opt/pebble/Pebble/aplite/lib/libpebble.a(tmpvXKNpYpebble.o)
 .text.gpath_destroy
                0x0000000000000000        0xc /opt/pebble/Pebble/aplite/lib/libpebble.a(tmpvXKNpYpebble.o)
 .text.gpath_draw_filled_legacy
                0x0000000000000000        0xc /opt/pebble/Pebble/aplite/lib/libpebble.a(tmpvXKNpYpebble.o)
 .text.gpath_draw_outline
                0x0000000000000000        0xc /opt/pebble/Pebble/aplite/lib/libpebble.a(tmpvXKNpYpebble.o)
 .text.gpath_move_to
                0x0000000000000000        0xc /opt/pebble/Pebble/aplite/lib/libpebble.a(tmpvXKNpYpebble.o)
 .text.gpath_rotate_to
                0x0000000000000000        0xc /opt/pebble/Pebble/aplite/lib/libpebble.a(tmpvXKNpYpebble.o)
 .text.gpoint_equal
                0x0000000000000000        0xc /opt/pebble/Pebble/aplite/lib/libpebble.a(tmpvXKNpYpebble.o)
 .text.graphics_context_set_compositing_mode
                0x0000000000000000        0xc /opt/pebble/Pebble/aplite/lib/libpebble.a(tmpvXKNpYpebble.o)
 .text.graphics_context_set_fill_color
                0x0000000000000000        0xc /opt/pebble/Pebble/aplite/lib/libpebble.a(tmpvXKNpYpebble.o)
 .text.graphics_context_set_stroke_color
                0x0000000000000000        0xc /opt/pebble/Pebble/aplite/lib/libpebble.a(tmpvXKNpYpebble.o)
 .text.graphics_context_set_text_color
                0x0000000000000000        0xc /opt/pebble/Pebble/aplite/lib/libpebble.a(tmpvXKNpYpebble.o)
 .text.graphics_draw_bitmap_in_rect
                0x0000000000000000        0xc /opt/pebble/Pebble/aplite/lib/libpebble.a(tmpvXKNpYpebble.o)
 .text.graphics_draw_circle
                0x0000000000000000        0xc /opt/pebble/Pebble/aplite/lib/libpebble.a(tmpvXKNpYpebble.o)
 .text.graphics_draw_line
                0x0000000000000000        0xc /opt/pebble/Pebble/aplite/lib/libpebble.a(tmpvXKNpYpebble.o)
 .text.graphics_draw_pixel
                0x0000000000000000        0xc /opt/pebble/Pebble/aplite/lib/libpebble.a(tmpvXKNpYpebble.o)
 .text.graphics_draw_rect
                0x0000000000000000        0xc /opt/pebble/Pebble/aplite/lib/libpebble.a(tmpvXKNpYpebble.o)
 .text.graphics_draw_round_rect
                0x0000000000000000        0xc /opt/pebble/Pebble/aplite/lib/libpebble.a(tmpvXKNpYpebble.o)
 .text.graphics_fill_circle
                0x0000000000000000        0xc /opt/pebble/Pebble/aplite/lib/libpebble.a(tmpvXKNpYpebble.o)
 .text.graphics_fill_rect
                0x0000000000000000        0xc /opt/pebble/Pebble/aplite/lib/libpebble.a(tmpvXKNpYpebble.o)
 .text.graphics_text_layout_get_max_used_size
                0x0000000000000000        0xc /opt/pebble/Pebble/aplite/lib/libpebble.a(tmpvXKNpYpebble.o)
 .text.grect_align
                0x0000000000000000        0xc /opt/pebble/Pebble/aplite/lib/libpebble.a(tmpvXKNpYpebble.o)
 .text.grect_center_point
                0x0000000000000000        0xc /opt/pebble/Pebble/aplite/lib/libpebble.a(tmpvXKNpYpebble.o)
 .text.grect_clip
                0x0000000000000000        0xc /opt/pebble/Pebble/aplite/lib/libpebble.a(tmpvXKNpYpebble.o)
 .text.grect_contains_point
                0x0000000000000000        0xc /opt/pebble/Pebble/aplite/lib/libpebble.a(tmpvXKNpYpebble.o)
 .text.grect_crop
                0x0000000000000000        0xc /opt/pebble/Pebble/aplite/lib/libpebble.a(tmpvXKNpYpebble.o)
 .text.grect_equal
                0x0000000000000000        0xc /opt/pebble/Pebble/aplite/lib/libpebble.a(tmpvXKNpYpebble.o)
 .text.grect_is_empty
                0x0000000000000000        0xc /opt/pebble/Pebble/aplite/lib/libpebble.a(tmpvXKNpYpebble.o)
 .text.grect_standardize
                0x0000000000000000        0xc /opt/pebble/Pebble/aplite/lib/libpebble.a(tmpvXKNpYpebble.o)
 .text.gsize_equal
                0x0000000000000000        0xc /opt/pebble/Pebble/aplite/lib/libpebble.a(tmpvXKNpYpebble.o)
 .text.inverter_layer_create
                0x0000000000000000        0xc /opt/pebble/Pebble/aplite/lib/libpebble.a(tmpvXKNpYpebble.o)
 .text.inverter_layer_destroy
                0x0000000000000000        0xc /opt/pebble/Pebble/aplite/lib/libpebble.a(tmpvXKNpYpebble.o)
 .text.inverter_layer_get_layer
                0x0000000000000000        0xc /opt/pebble/Pebble/aplite/lib/libpebble.a(tmpvXKNpYpebble.o)
 .text.layer_create
                0x0000000000000000        0xc /opt/pebble/Pebble/aplite/lib/libpebble.a(tmpvXKNpYpebble.o)
 .text.layer_create_with_data
                0x0000000000000000        0xc /opt/pebble/Pebble/aplite/lib/libpebble.a(tmpvXKNpYpebble.o)
 .text.layer_destroy
                0x0000000000000000        0xc /opt/pebble/Pebble/aplite/lib/libpebble.a(tmpvXKNpYpebble.o)
 .text.layer_get_clips
                0x0000000000000000        0xc /opt/pebble/Pebble/aplite/lib/libpebble.a(tmpvXKNpYpebble.o)
 .text.layer_get_data
                0x0000000000000000        0xc /opt/pebble/Pebble/aplite/lib/libpebble.a(tmpvXKNpYpebble.o)
 .text.layer_get_frame
                0x0000000000000000        0xc /opt/pebble/Pebble/aplite/lib/libpebble.a(tmpvXKNpYpebble.o)
 .text.layer_get_hidden
                0x0000000000000000        0xc /opt/pebble/Pebble/aplite/lib/libpebble.a(tmpvXKNpYpebble.o)
 .text.layer_get_window
                0x0000000000000000        0xc /opt/pebble/Pebble/aplite/lib/libpebble.a(tmpvXKNpYpebble.o)
 .text.layer_insert_above_sibling
                0x0000000000000000        0xc /opt/pebble/Pebble/aplite/lib/libpebble.a(tmpvXKNpYpebble.o)
 .text.layer_insert_below_sibling
                0x0000000000000000        0xc /opt/pebble/Pebble/aplite/lib/libpebble.a(tmpvXKNpYpebble.o)
 .text.layer_mark_dirty
                0x0000000000000000        0xc /opt/pebble/Pebble/aplite/lib/libpebble.a(tmpvXKNpYpebble.o)
 .text.layer_remove_child_layers
                0x0000000000000000        0xc /opt/pebble/Pebble/aplite/lib/libpebble.a(tmpvXKNpYpebble.o)
 .text.layer_remove_from_parent
                0x0000000000000000        0xc /opt/pebble/Pebble/aplite/lib/libpebble.a(tmpvXKNpYpebble.o)
 .text.layer_set_bounds
                0x0000000000000000        0xc /opt/pebble/Pebble/aplite/lib/libpebble.a(tmpvXKNpYpebble.o)
 .text.layer_set_clips
                0x0000000000000000        0xc /opt/pebble/Pebble/aplite/lib/libpebble.a(tmpvXKNpYpebble.o)
 .text.layer_set_frame
                0x0000000000000000        0xc /opt/pebble/Pebble/aplite/lib/libpebble.a(tmpvXKNpYpebble.o)
 .text.layer_set_hidden
                0x0000000000000000        0xc /opt/pebble/Pebble/aplite/lib/libpebble.a(tmpvXKNpYpebble.o)
 .text.layer_set_update_proc
                0x0000000000000000        0xc /opt/pebble/Pebble/aplite/lib/libpebble.a(tmpvXKNpYpebble.o)
 .text.light_enable
                0x0000000000000000        0xc /opt/pebble/Pebble/aplite/lib/libpebble.a(tmpvXKNpYpebble.o)
 .text.light_enable_interaction
                0x0000000000000000        0xc /opt/pebble/Pebble/aplite/lib/libpebble.a(tmpvXKNpYpebble.o)
 .text.localtime
                0x0000000000000000        0xc /opt/pebble/Pebble/aplite/lib/libpebble.a(tmpvXKNpYpebble.o)
 .text.malloc   0x0000000000000000        0xc /opt/pebble/Pebble/aplite/lib/libpebble.a(tmpvXKNpYpebble.o)
 .text.memcpy   0x0000000000000000        0xc /opt/pebble/Pebble/aplite/lib/libpebble.a(tmpvXKNpYpebble.o)
 .text.memmove  0x0000000000000000        0xc /opt/pebble/Pebble/aplite/lib/libpebble.a(tmpvXKNpYpebble.o)
 .text.menu_cell_basic_draw
                0x0000000000000000        0xc /opt/pebble/Pebble/aplite/lib/libpebble.a(tmpvXKNpYpebble.o)
 .text.menu_cell_basic_header_draw
                0x0000000000000000        0xc /opt/pebble/Pebble/aplite/lib/libpebble.a(tmpvXKNpYpebble.o)
 .text.menu_cell_title_draw
                0x0000000000000000        0xc /opt/pebble/Pebble/aplite/lib/libpebble.a(tmpvXKNpYpebble.o)
 .text.menu_index_compare
                0x0000000000000000        0xc /opt/pebble/Pebble/aplite/lib/libpebble.a(tmpvXKNpYpebble.o)
 .text.menu_layer_create
                0x0000000000000000        0xc /opt/pebble/Pebble/aplite/lib/libpebble.a(tmpvXKNpYpebble.o)
 .text.menu_layer_destroy
                0x0000000000000000        0xc /opt/pebble/Pebble/aplite/lib/libpebble.a(tmpvXKNpYpebble.o)
 .text.menu_layer_get_layer
                0x0000000000000000        0xc /opt/pebble/Pebble/aplite/lib/libpebble.a(tmpvXKNpYpebble.o)
 .text.menu_layer_get_scroll_layer
                0x0000000000000000        0xc /opt/pebble/Pebble/aplite/lib/libpebble.a(tmpvXKNpYpebble.o)
 .text.menu_layer_get_selected_index
                0x0000000000000000        0xc /opt/pebble/Pebble/aplite/lib/libpebble.a(tmpvXKNpYpebble.o)
 .text.menu_layer_reload_data
                0x0000000000000000        0xc /opt/pebble/Pebble/aplite/lib/libpebble.a(tmpvXKNpYpebble.o)
 .text.menu_layer_set_callbacks__deprecated
                0x0000000000000000        0xc /opt/pebble/Pebble/aplite/lib/libpebble.a(tmpvXKNpYpebble.o)
 .text.menu_layer_set_click_config_onto_window
                0x0000000000000000        0xc /opt/pebble/Pebble/aplite/lib/libpebble.a(tmpvXKNpYpebble.o)
 .text.menu_layer_set_selected_index
                0x0000000000000000        0xc /opt/pebble/Pebble/aplite/lib/libpebble.a(tmpvXKNpYpebble.o)
 .text.menu_layer_set_selected_next
                0x0000000000000000        0xc /opt/pebble/Pebble/aplite/lib/libpebble.a(tmpvXKNpYpebble.o)
 .text.number_window_create
                0x0000000000000000        0xc /opt/pebble/Pebble/aplite/lib/libpebble.a(tmpvXKNpYpebble.o)
 .text.number_window_destroy
                0x0000000000000000        0xc /opt/pebble/Pebble/aplite/lib/libpebble.a(tmpvXKNpYpebble.o)
 .text.number_window_get_value
                0x0000000000000000        0xc /opt/pebble/Pebble/aplite/lib/libpebble.a(tmpvXKNpYpebble.o)
 .text.number_window_set_label
                0x0000000000000000        0xc /opt/pebble/Pebble/aplite/lib/libpebble.a(tmpvXKNpYpebble.o)
 .text.number_window_set_max
                0x0000000000000000        0xc /opt/pebble/Pebble/aplite/lib/libpebble.a(tmpvXKNpYpebble.o)
 .text.number_window_set_min
                0x0000000000000000        0xc /opt/pebble/Pebble/aplite/lib/libpebble.a(tmpvXKNpYpebble.o)
 .text.number_window_set_step_size
                0x0000000000000000        0xc /opt/pebble/Pebble/aplite/lib/libpebble.a(tmpvXKNpYpebble.o)
 .text.number_window_set_value
                0x0000000000000000        0xc /opt/pebble/Pebble/aplite/lib/libpebble.a(tmpvXKNpYpebble.o)
 .text.persist_delete
                0x0000000000000000        0xc /opt/pebble/Pebble/aplite/lib/libpebble.a(tmpvXKNpYpebble.o)
 .text.persist_exists
                0x0000000000000000        0xc /opt/pebble/Pebble/aplite/lib/libpebble.a(tmpvXKNpYpebble.o)
 .text.persist_get_size
                0x0000000000000000        0xc /opt/pebble/Pebble/aplite/lib/libpebble.a(tmpvXKNpYpebble.o)
 .text.persist_read_bool
                0x0000000000000000        0xc /opt/pebble/Pebble/aplite/lib/libpebble.a(tmpvXKNpYpebble.o)
 .text.persist_read_data__deprecated
                0x0000000000000000        0xc /opt/pebble/Pebble/aplite/lib/libpebble.a(tmpvXKNpYpebble.o)
 .text.persist_read_int
                0x0000000000000000        0xc /opt/pebble/Pebble/aplite/lib/libpebble.a(tmpvXKNpYpebble.o)
 .text.persist_read_string__deprecated
                0x0000000000000000        0xc /opt/pebble/Pebble/aplite/lib/libpebble.a(tmpvXKNpYpebble.o)
 .text.persist_write_bool
                0x0000000000000000        0xc /opt/pebble/Pebble/aplite/lib/libpebble.a(tmpvXKNpYpebble.o)
 .text.persist_write_data__deprecated
                0x0000000000000000        0xc /opt/pebble/Pebble/aplite/lib/libpebble.a(tmpvXKNpYpebble.o)
 .text.persist_write_int
                0x0000000000000000        0xc /opt/pebble/Pebble/aplite/lib/libpebble.a(tmpvXKNpYpebble.o)
 .text.persist_write_string
                0x0000000000000000        0xc /opt/pebble/Pebble/aplite/lib/libpebble.a(tmpvXKNpYpebble.o)
 .text.property_animation_create
                0x0000000000000000        0xc /opt/pebble/Pebble/aplite/lib/libpebble.a(tmpvXKNpYpebble.o)
 .text.property_animation_create_layer_frame
                0x0000000000000000        0xc /opt/pebble/Pebble/aplite/lib/libpebble.a(tmpvXKNpYpebble.o)
 .text.property_animation_destroy
                0x0000000000000000        0xc /opt/pebble/Pebble/aplite/lib/libpebble.a(tmpvXKNpYpebble.o)
 .text.property_animation_update_gpoint
                0x0000000000000000        0xc /opt/pebble/Pebble/aplite/lib/libpebble.a(tmpvXKNpYpebble.o)
 .text.property_animation_update_grect
                0x0000000000000000        0xc /opt/pebble/Pebble/aplite/lib/libpebble.a(tmpvXKNpYpebble.o)
 .text.property_animation_update_int16
                0x0000000000000000        0xc /opt/pebble/Pebble/aplite/lib/libpebble.a(tmpvXKNpYpebble.o)
 .text.psleep   0x0000000000000000        0xc /opt/pebble/Pebble/aplite/lib/libpebble.a(tmpvXKNpYpebble.o)
 .text.rand     0x0000000000000000        0xc /opt/pebble/Pebble/aplite/lib/libpebble.a(tmpvXKNpYpebble.o)
 .text.resource_get_handle
                0x0000000000000000        0xc /opt/pebble/Pebble/aplite/lib/libpebble.a(tmpvXKNpYpebble.o)
 .text.resource_load
                0x0000000000000000        0xc /opt/pebble/Pebble/aplite/lib/libpebble.a(tmpvXKNpYpebble.o)
 .text.resource_load_byte_range
                0x0000000000000000        0xc /opt/pebble/Pebble/aplite/lib/libpebble.a(tmpvXKNpYpebble.o)
 .text.resource_size
                0x0000000000000000        0xc /opt/pebble/Pebble/aplite/lib/libpebble.a(tmpvXKNpYpebble.o)
 .text.rot_bitmap_layer_create
                0x0000000000000000        0xc /opt/pebble/Pebble/aplite/lib/libpebble.a(tmpvXKNpYpebble.o)
 .text.rot_bitmap_layer_destroy
                0x0000000000000000        0xc /opt/pebble/Pebble/aplite/lib/libpebble.a(tmpvXKNpYpebble.o)
 .text.rot_bitmap_layer_increment_angle
                0x0000000000000000        0xc /opt/pebble/Pebble/aplite/lib/libpebble.a(tmpvXKNpYpebble.o)
 .text.rot_bitmap_layer_set_angle
                0x0000000000000000        0xc /opt/pebble/Pebble/aplite/lib/libpebble.a(tmpvXKNpYpebble.o)
 .text.rot_bitmap_layer_set_corner_clip_color
                0x0000000000000000        0xc /opt/pebble/Pebble/aplite/lib/libpebble.a(tmpvXKNpYpebble.o)
 .text.rot_bitmap_set_compositing_mode
                0x0000000000000000        0xc /opt/pebble/Pebble/aplite/lib/libpebble.a(tmpvXKNpYpebble.o)
 .text.rot_bitmap_set_src_ic
                0x0000000000000000        0xc /opt/pebble/Pebble/aplite/lib/libpebble.a(tmpvXKNpYpebble.o)
 .text.scroll_layer_add_child
                0x0000000000000000        0xc /opt/pebble/Pebble/aplite/lib/libpebble.a(tmpvXKNpYpebble.o)
 .text.scroll_layer_create
                0x0000000000000000        0xc /opt/pebble/Pebble/aplite/lib/libpebble.a(tmpvXKNpYpebble.o)
 .text.scroll_layer_destroy
                0x0000000000000000        0xc /opt/pebble/Pebble/aplite/lib/libpebble.a(tmpvXKNpYpebble.o)
 .text.scroll_layer_get_content_offset
                0x0000000000000000        0xc /opt/pebble/Pebble/aplite/lib/libpebble.a(tmpvXKNpYpebble.o)
 .text.scroll_layer_get_content_size
                0x0000000000000000        0xc /opt/pebble/Pebble/aplite/lib/libpebble.a(tmpvXKNpYpebble.o)
 .text.scroll_layer_get_layer
                0x0000000000000000        0xc /opt/pebble/Pebble/aplite/lib/libpebble.a(tmpvXKNpYpebble.o)
 .text.scroll_layer_get_shadow_hidden
                0x0000000000000000        0xc /opt/pebble/Pebble/aplite/lib/libpebble.a(tmpvXKNpYpebble.o)
 .text.scroll_layer_scroll_down_click_handler
                0x0000000000000000        0xc /opt/pebble/Pebble/aplite/lib/libpebble.a(tmpvXKNpYpebble.o)
 .text.scroll_layer_scroll_up_click_handler
                0x0000000000000000        0xc /opt/pebble/Pebble/aplite/lib/libpebble.a(tmpvXKNpYpebble.o)
 .text.scroll_layer_set_callbacks
                0x0000000000000000        0xc /opt/pebble/Pebble/aplite/lib/libpebble.a(tmpvXKNpYpebble.o)
 .text.scroll_layer_set_click_config_onto_window
                0x0000000000000000        0xc /opt/pebble/Pebble/aplite/lib/libpebble.a(tmpvXKNpYpebble.o)
 .text.scroll_layer_set_content_offset
                0x0000000000000000        0xc /opt/pebble/Pebble/aplite/lib/libpebble.a(tmpvXKNpYpebble.o)
 .text.scroll_layer_set_content_size
                0x0000000000000000        0xc /opt/pebble/Pebble/aplite/lib/libpebble.a(tmpvXKNpYpebble.o)
 .text.scroll_layer_set_context
                0x0000000000000000        0xc /opt/pebble/Pebble/aplite/lib/libpebble.a(tmpvXKNpYpebble.o)
 .text.scroll_layer_set_frame
                0x0000000000000000        0xc /opt/pebble/Pebble/aplite/lib/libpebble.a(tmpvXKNpYpebble.o)
 .text.scroll_layer_set_shadow_hidden
                0x0000000000000000        0xc /opt/pebble/Pebble/aplite/lib/libpebble.a(tmpvXKNpYpebble.o)
 .text.simple_menu_layer_create
                0x0000000000000000        0xc /opt/pebble/Pebble/aplite/lib/libpebble.a(tmpvXKNpYpebble.o)
 .text.simple_menu_layer_destroy
                0x0000000000000000        0xc /opt/pebble/Pebble/aplite/lib/libpebble.a(tmpvXKNpYpebble.o)
 .text.simple_menu_layer_get_layer
                0x0000000000000000        0xc /opt/pebble/Pebble/aplite/lib/libpebble.a(tmpvXKNpYpebble.o)
 .text.simple_menu_layer_get_selected_index
                0x0000000000000000        0xc /opt/pebble/Pebble/aplite/lib/libpebble.a(tmpvXKNpYpebble.o)
 .text.simple_menu_layer_set_selected_index
                0x0000000000000000        0xc /opt/pebble/Pebble/aplite/lib/libpebble.a(tmpvXKNpYpebble.o)
 .text.sin_lookup
                0x0000000000000000        0xc /opt/pebble/Pebble/aplite/lib/libpebble.a(tmpvXKNpYpebble.o)
 .text.srand    0x0000000000000000        0xc /opt/pebble/Pebble/aplite/lib/libpebble.a(tmpvXKNpYpebble.o)
 .text.strcat   0x0000000000000000        0xc /opt/pebble/Pebble/aplite/lib/libpebble.a(tmpvXKNpYpebble.o)
 .text.strcmp   0x0000000000000000        0xc /opt/pebble/Pebble/aplite/lib/libpebble.a(tmpvXKNpYpebble.o)
 .text.strcpy   0x0000000000000000        0xc /opt/pebble/Pebble/aplite/lib/libpebble.a(tmpvXKNpYpebble.o)
 .text.strftime
                0x0000000000000000        0xc /opt/pebble/Pebble/aplite/lib/libpebble.a(tmpvXKNpYpebble.o)
 .text.strlen   0x0000000000000000        0xc /opt/pebble/Pebble/aplite/lib/libpebble.a(tmpvXKNpYpebble.o)
 .text.strncat  0x0000000000000000        0xc /opt/pebble/Pebble/aplite/lib/libpebble.a(tmpvXKNpYpebble.o)
 .text.strncmp  0x0000000000000000        0xc /opt/pebble/Pebble/aplite/lib/libpebble.a(tmpvXKNpYpebble.o)
 .text.strncpy  0x0000000000000000        0xc /opt/pebble/Pebble/aplite/lib/libpebble.a(tmpvXKNpYpebble.o)
 .text.text_layer_get_content_size
                0x0000000000000000        0xc /opt/pebble/Pebble/aplite/lib/libpebble.a(tmpvXKNpYpebble.o)
 .text.text_layer_get_text
                0x0000000000000000        0xc /opt/pebble/Pebble/aplite/lib/libpebble.a(tmpvXKNpYpebble.o)
 .text.text_layer_set_background_color
                0x0000000000000000        0xc /opt/pebble/Pebble/aplite/lib/libpebble.a(tmpvXKNpYpebble.o)
 .text.text_layer_set_overflow_mode
                0x0000000000000000        0xc /opt/pebble/Pebble/aplite/lib/libpebble.a(tmpvXKNpYpebble.o)
 .text.text_layer_set_size
                0x0000000000000000        0xc /opt/pebble/Pebble/aplite/lib/libpebble.a(tmpvXKNpYpebble.o)
 .text.text_layer_set_text_color
                0x0000000000000000        0xc /opt/pebble/Pebble/aplite/lib/libpebble.a(tmpvXKNpYpebble.o)
 .text.tick_timer_service_unsubscribe
                0x0000000000000000        0xc /opt/pebble/Pebble/aplite/lib/libpebble.a(tmpvXKNpYpebble.o)
 .text.time     0x0000000000000000        0xc /opt/pebble/Pebble/aplite/lib/libpebble.a(tmpvXKNpYpebble.o)
 .text.time_ms  0x0000000000000000        0xc /opt/pebble/Pebble/aplite/lib/libpebble.a(tmpvXKNpYpebble.o)
 .text.vibes_cancel
                0x0000000000000000        0xc /opt/pebble/Pebble/aplite/lib/libpebble.a(tmpvXKNpYpebble.o)
 .text.vibes_double_pulse
                0x0000000000000000        0xc /opt/pebble/Pebble/aplite/lib/libpebble.a(tmpvXKNpYpebble.o)
 .text.vibes_enqueue_custom_pattern
                0x0000000000000000        0xc /opt/pebble/Pebble/aplite/lib/libpebble.a(tmpvXKNpYpebble.o)
 .text.vibes_long_pulse
                0x0000000000000000        0xc /opt/pebble/Pebble/aplite/lib/libpebble.a(tmpvXKNpYpebble.o)
 .text.window_get_click_config_provider
                0x0000000000000000        0xc /opt/pebble/Pebble/aplite/lib/libpebble.a(tmpvXKNpYpebble.o)
 .text.window_get_fullscreen
                0x0000000000000000        0xc /opt/pebble/Pebble/aplite/lib/libpebble.a(tmpvXKNpYpebble.o)
 .text.window_is_loaded
                0x0000000000000000        0xc /opt/pebble/Pebble/aplite/lib/libpebble.a(tmpvXKNpYpebble.o)
 .text.window_set_background_color
                0x0000000000000000        0xc /opt/pebble/Pebble/aplite/lib/libpebble.a(tmpvXKNpYpebble.o)
 .text.window_set_click_config_provider_with_context
                0x0000000000000000        0xc /opt/pebble/Pebble/aplite/lib/libpebble.a(tmpvXKNpYpebble.o)
 .text.window_set_fullscreen
                0x0000000000000000        0xc /opt/pebble/Pebble/aplite/lib/libpebble.a(tmpvXKNpYpebble.o)
 .text.window_set_status_bar_icon
                0x0000000000000000        0xc /opt/pebble/Pebble/aplite/lib/libpebble.a(tmpvXKNpYpebble.o)
 .text.window_stack_contains_window
                0x0000000000000000        0xc /opt/pebble/Pebble/aplite/lib/libpebble.a(tmpvXKNpYpebble.o)
 .text.window_stack_get_top_window
                0x0000000000000000        0xc /opt/pebble/Pebble/aplite/lib/libpebble.a(tmpvXKNpYpebble.o)
 .text.window_stack_pop
                0x0000000000000000        0xc /opt/pebble/Pebble/aplite/lib/libpebble.a(tmpvXKNpYpebble.o)
 .text.window_stack_pop_all
                0x0000000000000000        0xc /opt/pebble/Pebble/aplite/lib/libpebble.a(tmpvXKNpYpebble.o)
 .text.window_stack_remove
                0x0000000000000000        0xc /opt/pebble/Pebble/aplite/lib/libpebble.a(tmpvXKNpYpebble.o)
 .text.app_focus_service_subscribe
                0x0000000000000000        0xc /opt/pebble/Pebble/aplite/lib/libpebble.a(tmpvXKNpYpebble.o)
 .text.app_focus_service_unsubscribe
                0x0000000000000000        0xc /opt/pebble/Pebble/aplite/lib/libpebble.a(tmpvXKNpYpebble.o)
 .text.window_get_user_data
                0x0000000000000000        0xc /opt/pebble/Pebble/aplite/lib/libpebble.a(tmpvXKNpYpebble.o)
 .text.window_set_user_data
                0x0000000000000000        0xc /opt/pebble/Pebble/aplite/lib/libpebble.a(tmpvXKNpYpebble.o)
 .text.app_message_get_context
                0x0000000000000000        0xc /opt/pebble/Pebble/aplite/lib/libpebble.a(tmpvXKNpYpebble.o)
 .text.app_message_inbox_size_maximum
                0x0000000000000000        0xc /opt/pebble/Pebble/aplite/lib/libpebble.a(tmpvXKNpYpebble.o)
 .text.app_message_outbox_begin
                0x0000000000000000        0xc /opt/pebble/Pebble/aplite/lib/libpebble.a(tmpvXKNpYpebble.o)
 .text.app_message_outbox_send
                0x0000000000000000        0xc /opt/pebble/Pebble/aplite/lib/libpebble.a(tmpvXKNpYpebble.o)
 .text.app_message_outbox_size_maximum
                0x0000000000000000        0xc /opt/pebble/Pebble/aplite/lib/libpebble.a(tmpvXKNpYpebble.o)
 .text.app_message_register_inbox_dropped
                0x0000000000000000        0xc /opt/pebble/Pebble/aplite/lib/libpebble.a(tmpvXKNpYpebble.o)
 .text.app_message_register_inbox_received
                0x0000000000000000        0xc /opt/pebble/Pebble/aplite/lib/libpebble.a(tmpvXKNpYpebble.o)
 .text.app_message_register_outbox_failed
                0x0000000000000000        0xc /opt/pebble/Pebble/aplite/lib/libpebble.a(tmpvXKNpYpebble.o)
 .text.app_message_register_outbox_sent
                0x0000000000000000        0xc /opt/pebble/Pebble/aplite/lib/libpebble.a(tmpvXKNpYpebble.o)
 .text.app_message_set_context
                0x0000000000000000        0xc /opt/pebble/Pebble/aplite/lib/libpebble.a(tmpvXKNpYpebble.o)
 .text.window_long_click_subscribe
                0x0000000000000000        0xc /opt/pebble/Pebble/aplite/lib/libpebble.a(tmpvXKNpYpebble.o)
 .text.window_multi_click_subscribe
                0x0000000000000000        0xc /opt/pebble/Pebble/aplite/lib/libpebble.a(tmpvXKNpYpebble.o)
 .text.window_raw_click_subscribe
                0x0000000000000000        0xc /opt/pebble/Pebble/aplite/lib/libpebble.a(tmpvXKNpYpebble.o)
 .text.window_set_click_context
                0x0000000000000000        0xc /opt/pebble/Pebble/aplite/lib/libpebble.a(tmpvXKNpYpebble.o)
 .text.window_single_repeating_click_subscribe
                0x0000000000000000        0xc /opt/pebble/Pebble/aplite/lib/libpebble.a(tmpvXKNpYpebble.o)
 .text.graphics_draw_text
                0x0000000000000000        0xc /opt/pebble/Pebble/aplite/lib/libpebble.a(tmpvXKNpYpebble.o)
 .text.dict_serialize_tuplets_to_buffer
                0x0000000000000000        0xc /opt/pebble/Pebble/aplite/lib/libpebble.a(tmpvXKNpYpebble.o)
 .text.persist_read_data
                0x0000000000000000        0xc /opt/pebble/Pebble/aplite/lib/libpebble.a(tmpvXKNpYpebble.o)
 .text.persist_read_string
                0x0000000000000000        0xc /opt/pebble/Pebble/aplite/lib/libpebble.a(tmpvXKNpYpebble.o)
 .text.persist_write_data
                0x0000000000000000        0xc /opt/pebble/Pebble/aplite/lib/libpebble.a(tmpvXKNpYpebble.o)
 .text.dict_size
                0x0000000000000000        0xc /opt/pebble/Pebble/aplite/lib/libpebble.a(tmpvXKNpYpebble.o)
 .text.graphics_text_layout_get_content_size
                0x0000000000000000        0xc /opt/pebble/Pebble/aplite/lib/libpebble.a(tmpvXKNpYpebble.o)
 .text.simple_menu_layer_get_menu_layer
                0x0000000000000000        0xc /opt/pebble/Pebble/aplite/lib/libpebble.a(tmpvXKNpYpebble.o)
 .text.accel_data_service_subscribe
                0x0000000000000000        0xc /opt/pebble/Pebble/aplite/lib/libpebble.a(tmpvXKNpYpebble.o)
 .text.calloc   0x0000000000000000        0xc /opt/pebble/Pebble/aplite/lib/libpebble.a(tmpvXKNpYpebble.o)
 .text.bitmap_layer_get_bitmap
                0x0000000000000000        0xc /opt/pebble/Pebble/aplite/lib/libpebble.a(tmpvXKNpYpebble.o)
 .text.menu_layer_set_callbacks
                0x0000000000000000        0xc /opt/pebble/Pebble/aplite/lib/libpebble.a(tmpvXKNpYpebble.o)
 .text.window_get_click_config_context
                0x0000000000000000        0xc /opt/pebble/Pebble/aplite/lib/libpebble.a(tmpvXKNpYpebble.o)
 .text.number_window_get_window
                0x0000000000000000        0xc /opt/pebble/Pebble/aplite/lib/libpebble.a(tmpvXKNpYpebble.o)
 .text.realloc  0x0000000000000000        0xc /opt/pebble/Pebble/aplite/lib/libpebble.a(tmpvXKNpYpebble.o)
 .text.__gbitmap_create_blank
                0x0000000000000000        0xc /opt/pebble/Pebble/aplite/lib/libpebble.a(tmpvXKNpYpebble.o)
 .text.click_recognizer_is_repeating
                0x0000000000000000        0xc /opt/pebble/Pebble/aplite/lib/libpebble.a(tmpvXKNpYpebble.o)
 .text.accel_raw_data_service_subscribe
                0x0000000000000000        0xc /opt/pebble/Pebble/aplite/lib/libpebble.a(tmpvXKNpYpebble.o)
 .text.app_worker_is_running
                0x0000000000000000        0xc /opt/pebble/Pebble/aplite/lib/libpebble.a(tmpvXKNpYpebble.o)
 .text.app_worker_kill
                0x0000000000000000        0xc /opt/pebble/Pebble/aplite/lib/libpebble.a(tmpvXKNpYpebble.o)
 .text.app_worker_launch
                0x0000000000000000        0xc /opt/pebble/Pebble/aplite/lib/libpebble.a(tmpvXKNpYpebble.o)
 .text.app_worker_message_subscribe
                0x0000000000000000        0xc /opt/pebble/Pebble/aplite/lib/libpebble.a(tmpvXKNpYpebble.o)
 .text.app_worker_message_unsubscribe
                0x0000000000000000        0xc /opt/pebble/Pebble/aplite/lib/libpebble.a(tmpvXKNpYpebble.o)
 .text.app_worker_send_message
                0x0000000000000000        0xc /opt/pebble/Pebble/aplite/lib/libpebble.a(tmpvXKNpYpebble.o)
 .text.worker_event_loop
                0x0000000000000000        0xc /opt/pebble/Pebble/aplite/lib/libpebble.a(tmpvXKNpYpebble.o)
 .text.worker_launch_app
                0x0000000000000000        0xc /opt/pebble/Pebble/aplite/lib/libpebble.a(tmpvXKNpYpebble.o)
 .text.heap_bytes_free
                0x0000000000000000        0xc /opt/pebble/Pebble/aplite/lib/libpebble.a(tmpvXKNpYpebble.o)
 .text.heap_bytes_used
                0x0000000000000000        0xc /opt/pebble/Pebble/aplite/lib/libpebble.a(tmpvXKNpYpebble.o)
 .text.compass_service_peek
                0x0000000000000000        0xc /opt/pebble/Pebble/aplite/lib/libpebble.a(tmpvXKNpYpebble.o)
 .text.compass_service_set_heading_filter
                0x0000000000000000        0xc /opt/pebble/Pebble/aplite/lib/libpebble.a(tmpvXKNpYpebble.o)
 .text.compass_service_subscribe
                0x0000000000000000        0xc /opt/pebble/Pebble/aplite/lib/libpebble.a(tmpvXKNpYpebble.o)
 .text.compass_service_unsubscribe
                0x0000000000000000        0xc /opt/pebble/Pebble/aplite/lib/libpebble.a(tmpvXKNpYpebble.o)
 .text.uuid_equal
                0x0000000000000000        0xc /opt/pebble/Pebble/aplite/lib/libpebble.a(tmpvXKNpYpebble.o)
 .text.uuid_to_string
                0x0000000000000000        0xc /opt/pebble/Pebble/aplite/lib/libpebble.a(tmpvXKNpYpebble.o)
 .text.gpath_draw_filled
                0x0000000000000000        0xc /opt/pebble/Pebble/aplite/lib/libpebble.a(tmpvXKNpYpebble.o)
 .text.animation_set_custom_curve
                0x0000000000000000        0xc /opt/pebble/Pebble/aplite/lib/libpebble.a(tmpvXKNpYpebble.o)
 .text.watch_info_get_color
                0x0000000000000000        0xc /opt/pebble/Pebble/aplite/lib/libpebble.a(tmpvXKNpYpebble.o)
 .text.watch_info_get_firmware_version
                0x0000000000000000        0xc /opt/pebble/Pebble/aplite/lib/libpebble.a(tmpvXKNpYpebble.o)
 .text.watch_info_get_model
                0x0000000000000000        0xc /opt/pebble/Pebble/aplite/lib/libpebble.a(tmpvXKNpYpebble.o)
 .text.graphics_capture_frame_buffer
                0x0000000000000000        0xc /opt/pebble/Pebble/aplite/lib/libpebble.a(tmpvXKNpYpebble.o)
 .text.graphics_frame_buffer_is_captured
                0x0000000000000000        0xc /opt/pebble/Pebble/aplite/lib/libpebble.a(tmpvXKNpYpebble.o)
 .text.graphics_release_frame_buffer
                0x0000000000000000        0xc /opt/pebble/Pebble/aplite/lib/libpebble.a(tmpvXKNpYpebble.o)
 .text.clock_to_timestamp
                0x0000000000000000        0xc /opt/pebble/Pebble/aplite/lib/libpebble.a(tmpvXKNpYpebble.o)
 .text.launch_reason
                0x0000000000000000        0xc /opt/pebble/Pebble/aplite/lib/libpebble.a(tmpvXKNpYpebble.o)
 .text.wakeup_cancel
                0x0000000000000000        0xc /opt/pebble/Pebble/aplite/lib/libpebble.a(tmpvXKNpYpebble.o)
 .text.wakeup_cancel_all
                0x0000000000000000        0xc /opt/pebble/Pebble/aplite/lib/libpebble.a(tmpvXKNpYpebble.o)
 .text.wakeup_get_launch_event
                0x0000000000000000        0xc /opt/pebble/Pebble/aplite/lib/libpebble.a(tmpvXKNpYpebble.o)
 .text.wakeup_query
                0x0000000000000000        0xc /opt/pebble/Pebble/aplite/lib/libpebble.a(tmpvXKNpYpebble.o)
 .text.wakeup_schedule
                0x0000000000000000        0xc /opt/pebble/Pebble/aplite/lib/libpebble.a(tmpvXKNpYpebble.o)
 .text.wakeup_service_subscribe
                0x0000000000000000        0xc /opt/pebble/Pebble/aplite/lib/libpebble.a(tmpvXKNpYpebble.o)
 .text.clock_is_timezone_set
                0x0000000000000000        0xc /opt/pebble/Pebble/aplite/lib/libpebble.a(tmpvXKNpYpebble.o)
 .text.i18n_get_system_locale
                0x0000000000000000        0xc /opt/pebble/Pebble/aplite/lib/libpebble.a(tmpvXKNpYpebble.o)
 .text._localeconv_r
                0x0000000000000000        0xc /opt/pebble/Pebble/aplite/lib/libpebble.a(tmpvXKNpYpebble.o)
 .text.setlocale
                0x0000000000000000        0xc /opt/pebble/Pebble/aplite/lib/libpebble.a(tmpvXKNpYpebble.o)
 .text.mktime   0x0000000000000000        0xc /opt/pebble/Pebble/aplite/lib/libpebble.a(tmpvXKNpYpebble.o)
 .text          0x0000000000000000        0x0 /usr/lib/gcc/arm-none-eabi/5.2.0/../../../../arm-none-eabi/lib/armv7-m/libc.a(lib_a-atexit.o)
 .bss           0x0000000000000000        0x0 /usr/lib/gcc/arm-none-eabi/5.2.0/../../../../arm-none-eabi/lib/armv7-m/libc.a(lib_a-atexit.o)
 .text.atexit   0x0000000000000000        0xc /usr/lib/gcc/arm-none-eabi/5.2.0/../../../../arm-none-eabi/lib/armv7-m/libc.a(lib_a-atexit.o)
 .text          0x0000000000000000        0x0 /usr/lib/gcc/arm-none-eabi/5.2.0/../../../../arm-none-eabi/lib/armv7-m/libc.a(lib_a-exit.o)
 .bss           0x0000000000000000        0x0 /usr/lib/gcc/arm-none-eabi/5.2.0/../../../../arm-none-eabi/lib/armv7-m/libc.a(lib_a-exit.o)
 .text.exit     0x0000000000000000       0x20 /usr/lib/gcc/arm-none-eabi/5.2.0/../../../../arm-none-eabi/lib/armv7-m/libc.a(lib_a-exit.o)
 .text          0x0000000000000000        0x0 /usr/lib/gcc/arm-none-eabi/5.2.0/../../../../arm-none-eabi/lib/armv7-m/libc.a(lib_a-fini.o)
 .bss           0x0000000000000000        0x0 /usr/lib/gcc/arm-none-eabi/5.2.0/../../../../arm-none-eabi/lib/armv7-m/libc.a(lib_a-fini.o)
 .text.__libc_fini_array
                0x0000000000000000       0x28 /usr/lib/gcc/arm-none-eabi/5.2.0/../../../../arm-none-eabi/lib/armv7-m/libc.a(lib_a-fini.o)
 .text          0x0000000000000000        0x0 /usr/lib/gcc/arm-none-eabi/5.2.0/../../../../arm-none-eabi/lib/armv7-m/libc.a(lib_a-impure.o)
 .bss           0x0000000000000000        0x0 /usr/lib/gcc/arm-none-eabi/5.2.0/../../../../arm-none-eabi/lib/armv7-m/libc.a(lib_a-impure.o)
 .data.impure_data
                0x0000000000000000      0x428 /usr/lib/gcc/arm-none-eabi/5.2.0/../../../../arm-none-eabi/lib/armv7-m/libc.a(lib_a-impure.o)
 .data._impure_ptr
                0x0000000000000000        0x4 /usr/lib/gcc/arm-none-eabi/5.2.0/../../../../arm-none-eabi/lib/armv7-m/libc.a(lib_a-impure.o)
 .rodata.str1.4
                0x0000000000000000        0x4 /usr/lib/gcc/arm-none-eabi/5.2.0/../../../../arm-none-eabi/lib/armv7-m/libc.a(lib_a-impure.o)
 .rodata._global_impure_ptr
                0x0000000000000000        0x4 /usr/lib/gcc/arm-none-eabi/5.2.0/../../../../arm-none-eabi/lib/armv7-m/libc.a(lib_a-impure.o)
 .text          0x0000000000000000        0x0 /usr/lib/gcc/arm-none-eabi/5.2.0/../../../../arm-none-eabi/lib/armv7-m/libc.a(lib_a-init.o)
 .bss           0x0000000000000000        0x0 /usr/lib/gcc/arm-none-eabi/5.2.0/../../../../arm-none-eabi/lib/armv7-m/libc.a(lib_a-init.o)
 .text.__libc_init_array
                0x0000000000000000       0x50 /usr/lib/gcc/arm-none-eabi/5.2.0/../../../../arm-none-eabi/lib/armv7-m/libc.a(lib_a-init.o)
 .text          0x0000000000000000        0x0 /usr/lib/gcc/arm-none-eabi/5.2.0/../../../../arm-none-eabi/lib/armv7-m/libc.a(lib_a-__atexit.o)
 .bss           0x0000000000000000        0x0 /usr/lib/gcc/arm-none-eabi/5.2.0/../../../../arm-none-eabi/lib/armv7-m/libc.a(lib_a-__atexit.o)
 .text.__register_exitproc
                0x0000000000000000       0xa4 /usr/lib/gcc/arm-none-eabi/5.2.0/../../../../arm-none-eabi/lib/armv7-m/libc.a(lib_a-__atexit.o)
 .text          0x0000000000000000        0x0 /usr/lib/gcc/arm-none-eabi/5.2.0/../../../../arm-none-eabi/lib/armv7-m/libc.a(lib_a-__call_atexit.o)
 .bss           0x0000000000000000        0x0 /usr/lib/gcc/arm-none-eabi/5.2.0/../../../../arm-none-eabi/lib/armv7-m/libc.a(lib_a-__call_atexit.o)
 .text.startup.register_fini
                0x0000000000000000       0x14 /usr/lib/gcc/arm-none-eabi/5.2.0/../../../../arm-none-eabi/lib/armv7-m/libc.a(lib_a-__call_atexit.o)
 .init_array.00000
                0x0000000000000000        0x4 /usr/lib/gcc/arm-none-eabi/5.2.0/../../../../arm-none-eabi/lib/armv7-m/libc.a(lib_a-__call_atexit.o)
 .text.__call_exitprocs
                0x0000000000000000       0xd8 /usr/lib/gcc/arm-none-eabi/5.2.0/../../../../arm-none-eabi/lib/armv7-m/libc.a(lib_a-__call_atexit.o)
 .text          0x0000000000000000        0x0 /usr/lib/gcc/arm-none-eabi/5.2.0/armv7-m/crtend.o
 .bss           0x0000000000000000        0x0 /usr/lib/gcc/arm-none-eabi/5.2.0/armv7-m/crtend.o
 .eh_frame      0x0000000000000000        0x4 /usr/lib/gcc/arm-none-eabi/5.2.0/armv7-m/crtend.o
 .jcr           0x0000000000000000        0x4 /usr/lib/gcc/arm-none-eabi/5.2.0/armv7-m/crtend.o
 .text          0x0000000000000000        0x0 /usr/lib/gcc/arm-none-eabi/5.2.0/armv7-m/crtn.o
 .bss           0x0000000000000000        0x0 /usr/lib/gcc/arm-none-eabi/5.2.0/armv7-m/crtn.o
 .init          0x0000000000000000        0x8 /usr/lib/gcc/arm-none-eabi/5.2.0/armv7-m/crtn.o
 .fini          0x0000000000000000        0x8 /usr/lib/gcc/arm-none-eabi/5.2.0/armv7-m/crtn.o

Memory Configuration

Name             Origin             Length             Attributes
APP              0x0000000000000000 0x0000000000006000 xrw
*default*        0x0000000000000000 0xffffffffffffffff

Linker script and memory map

LOAD /usr/lib/gcc/arm-none-eabi/5.2.0/armv7-m/crti.o
LOAD /usr/lib/gcc/arm-none-eabi/5.2.0/armv7-m/crtbegin.o
LOAD /usr/lib/gcc/arm-none-eabi/5.2.0/../../../../arm-none-eabi/lib/armv7-m/crt0.o
LOAD src/bso.c.18.o
LOAD aplite/appinfo.auto.c.18.o
LOAD /opt/pebble/Pebble/aplite/lib/libpebble.a
START GROUP
LOAD /usr/lib/gcc/arm-none-eabi/5.2.0/armv7-m/libgcc.a
LOAD /usr/lib/gcc/arm-none-eabi/5.2.0/../../../../arm-none-eabi/lib/armv7-m/libc.a
END GROUP
LOAD /usr/lib/gcc/arm-none-eabi/5.2.0/armv7-m/crtend.o
LOAD /usr/lib/gcc/arm-none-eabi/5.2.0/armv7-m/crtn.o

.header         0x0000000000000000       0x82
 *(.pbl_header)
 .pbl_header    0x0000000000000000       0x82 aplite/appinfo.auto.c.18.o
                0x0000000000000000                __pbl_app_info

.note.gnu.build-id
                0x0000000000000082       0x26
                [!provide]                        PROVIDE (BUILD_ID, .)
 *(.note.gnu.build-id)
 *fill*         0x0000000000000082        0x2 
 .note.gnu.build-id
                0x0000000000000084       0x24 linker stubs

.text           0x00000000000000a8      0xad5
 *(.text)
 .text          0x00000000000000a8       0x14 /opt/pebble/Pebble/aplite/lib/libpebble.a(tmpvXKNpYpebble.o)
 *(.text.*)
 .text.update_textlayer
                0x00000000000000bc      0x138 src/bso.c.18.o
 .text.tick_handler
                0x00000000000001f4       0x18 src/bso.c.18.o
 .text.window_unload
                0x000000000000020c       0x4c src/bso.c.18.o
 .text.window_load
                0x0000000000000258      0x218 src/bso.c.18.o
 .text.click_config_provider
                0x0000000000000470       0x40 src/bso.c.18.o
 .text.show_out
                0x00000000000004b0       0xcc src/bso.c.18.o
 .text.show_strike
                0x000000000000057c       0xbc src/bso.c.18.o
 .text.show_ball
                0x0000000000000638       0xac src/bso.c.18.o
 .text.push     0x00000000000006e4       0xc4 src/bso.c.18.o
 .text.select_click_handler
                0x00000000000007a8       0x20 src/bso.c.18.o
 .text.up_click_handler
                0x00000000000007c8       0x20 src/bso.c.18.o
 .text.down_click_handler
                0x00000000000007e8       0x5c src/bso.c.18.o
 .text.back_click_handler
                0x0000000000000844       0x60 src/bso.c.18.o
 .text.startup.main
                0x00000000000008a4       0x90 src/bso.c.18.o
                0x00000000000008a4                main
 .text.app_event_loop
                0x0000000000000934        0xc /opt/pebble/Pebble/aplite/lib/libpebble.a(tmpvXKNpYpebble.o)
                0x0000000000000934                app_event_loop
 .text.app_log  0x0000000000000940        0xc /opt/pebble/Pebble/aplite/lib/libpebble.a(tmpvXKNpYpebble.o)
                0x0000000000000940                app_log
 .text.fonts_get_system_font
                0x000000000000094c        0xc /opt/pebble/Pebble/aplite/lib/libpebble.a(tmpvXKNpYpebble.o)
                0x000000000000094c                fonts_get_system_font
 .text.layer_add_child
                0x0000000000000958        0xc /opt/pebble/Pebble/aplite/lib/libpebble.a(tmpvXKNpYpebble.o)
                0x0000000000000958                layer_add_child
 .text.layer_get_bounds
                0x0000000000000964        0xc /opt/pebble/Pebble/aplite/lib/libpebble.a(tmpvXKNpYpebble.o)
                0x0000000000000964                layer_get_bounds
 .text.memset   0x0000000000000970        0xc /opt/pebble/Pebble/aplite/lib/libpebble.a(tmpvXKNpYpebble.o)
                0x0000000000000970                memset
 .text.snprintf
                0x000000000000097c        0xc /opt/pebble/Pebble/aplite/lib/libpebble.a(tmpvXKNpYpebble.o)
                0x000000000000097c                snprintf
 .text.text_layer_create
                0x0000000000000988        0xc /opt/pebble/Pebble/aplite/lib/libpebble.a(tmpvXKNpYpebble.o)
                0x0000000000000988                text_layer_create
 .text.text_layer_destroy
                0x0000000000000994        0xc /opt/pebble/Pebble/aplite/lib/libpebble.a(tmpvXKNpYpebble.o)
                0x0000000000000994                text_layer_destroy
 .text.text_layer_get_layer
                0x00000000000009a0        0xc /opt/pebble/Pebble/aplite/lib/libpebble.a(tmpvXKNpYpebble.o)
                0x00000000000009a0                text_layer_get_layer
 .text.text_layer_set_font
                0x00000000000009ac        0xc /opt/pebble/Pebble/aplite/lib/libpebble.a(tmpvXKNpYpebble.o)
                0x00000000000009ac                text_layer_set_font
 .text.text_layer_set_text
                0x00000000000009b8        0xc /opt/pebble/Pebble/aplite/lib/libpebble.a(tmpvXKNpYpebble.o)
                0x00000000000009b8                text_layer_set_text
 .text.text_layer_set_text_alignment
                0x00000000000009c4        0xc /opt/pebble/Pebble/aplite/lib/libpebble.a(tmpvXKNpYpebble.o)
                0x00000000000009c4                text_layer_set_text_alignment
 .text.tick_timer_service_subscribe
                0x00000000000009d0        0xc /opt/pebble/Pebble/aplite/lib/libpebble.a(tmpvXKNpYpebble.o)
                0x00000000000009d0                tick_timer_service_subscribe
 .text.vibes_short_pulse
                0x00000000000009dc        0xc /opt/pebble/Pebble/aplite/lib/libpebble.a(tmpvXKNpYpebble.o)
                0x00000000000009dc                vibes_short_pulse
 .text.window_create
                0x00000000000009e8        0xc /opt/pebble/Pebble/aplite/lib/libpebble.a(tmpvXKNpYpebble.o)
                0x00000000000009e8                window_create
 .text.window_destroy
                0x00000000000009f4        0xc /opt/pebble/Pebble/aplite/lib/libpebble.a(tmpvXKNpYpebble.o)
                0x00000000000009f4                window_destroy
 .text.window_get_root_layer
                0x0000000000000a00        0xc /opt/pebble/Pebble/aplite/lib/libpebble.a(tmpvXKNpYpebble.o)
                0x0000000000000a00                window_get_root_layer
 .text.window_set_click_config_provider
                0x0000000000000a0c        0xc /opt/pebble/Pebble/aplite/lib/libpebble.a(tmpvXKNpYpebble.o)
                0x0000000000000a0c                window_set_click_config_provider
 .text.window_set_window_handlers
                0x0000000000000a18        0xc /opt/pebble/Pebble/aplite/lib/libpebble.a(tmpvXKNpYpebble.o)
                0x0000000000000a18                window_set_window_handlers
 .text.window_stack_push
                0x0000000000000a24        0xc /opt/pebble/Pebble/aplite/lib/libpebble.a(tmpvXKNpYpebble.o)
                0x0000000000000a24                window_stack_push
 .text.window_single_click_subscribe
                0x0000000000000a30        0xc /opt/pebble/Pebble/aplite/lib/libpebble.a(tmpvXKNpYpebble.o)
                0x0000000000000a30                window_single_click_subscribe
 *(.rodata)
 *(.rodata*)
 .rodata.str1.1
                0x0000000000000a3c      0x141 src/bso.c.18.o
                                        0x142 (size before relaxing)

.glue_7         0x0000000000000b80        0x0
 .glue_7        0x0000000000000b80        0x0 linker stubs

.glue_7t        0x0000000000000b80        0x0
 .glue_7t       0x0000000000000b80        0x0 linker stubs

.vfp11_veneer   0x0000000000000b80        0x0
 .vfp11_veneer  0x0000000000000b80        0x0 linker stubs

.v4_bx          0x0000000000000b80        0x0
 .v4_bx         0x0000000000000b80        0x0 linker stubs

.iplt           0x0000000000000b80        0x0
 .iplt          0x0000000000000b80        0x0 /usr/lib/gcc/arm-none-eabi/5.2.0/armv7-m/crtbegin.o

.rel.dyn        0x0000000000000b80        0x0
 .rel.iplt      0x0000000000000b80        0x0 /usr/lib/gcc/arm-none-eabi/5.2.0/armv7-m/crtbegin.o

.data           0x0000000000000b7d        0xa
 *(.data)
 .data          0x0000000000000b7d        0x0 /usr/lib/gcc/arm-none-eabi/5.2.0/armv7-m/crti.o
 .data          0x0000000000000b7d        0x0 /usr/lib/gcc/arm-none-eabi/5.2.0/armv7-m/crtbegin.o
 .data          0x0000000000000b7d        0x0 /usr/lib/gcc/arm-none-eabi/5.2.0/../../../../arm-none-eabi/lib/armv7-m/crt0.o
 .data          0x0000000000000b7d        0x0 src/bso.c.18.o
 .data          0x0000000000000b7d        0x0 aplite/appinfo.auto.c.18.o
 .data          0x0000000000000b7d        0x0 /opt/pebble/Pebble/aplite/lib/libpebble.a(tmpvXKNpYpebble.o)
 .data          0x0000000000000b7d        0x0 /usr/lib/gcc/arm-none-eabi/5.2.0/../../../../arm-none-eabi/lib/armv7-m/libc.a(lib_a-atexit.o)
 .data          0x0000000000000b7d        0x0 /usr/lib/gcc/arm-none-eabi/5.2.0/../../../../arm-none-eabi/lib/armv7-m/libc.a(lib_a-exit.o)
 .data          0x0000000000000b7d        0x0 /usr/lib/gcc/arm-none-eabi/5.2.0/../../../../arm-none-eabi/lib/armv7-m/libc.a(lib_a-fini.o)
 .data          0x0000000000000b7d        0x0 /usr/lib/gcc/arm-none-eabi/5.2.0/../../../../arm-none-eabi/lib/armv7-m/libc.a(lib_a-impure.o)
 .data          0x0000000000000b7d        0x0 /usr/lib/gcc/arm-none-eabi/5.2.0/../../../../arm-none-eabi/lib/armv7-m/libc.a(lib_a-init.o)
 .data          0x0000000000000b7d        0x0 /usr/lib/gcc/arm-none-eabi/5.2.0/../../../../arm-none-eabi/lib/armv7-m/libc.a(lib_a-__atexit.o)
 .data          0x0000000000000b7d        0x0 /usr/lib/gcc/arm-none-eabi/5.2.0/../../../../arm-none-eabi/lib/armv7-m/libc.a(lib_a-__call_atexit.o)
 .data          0x0000000000000b7d        0x0 /usr/lib/gcc/arm-none-eabi/5.2.0/armv7-m/crtend.o
 .data          0x0000000000000b7d        0x0 /usr/lib/gcc/arm-none-eabi/5.2.0/armv7-m/crtn.o
 *(.data.*)
 .data.inning_s
                0x0000000000000b7d        0xa src/bso.c.18.o

.igot.plt       0x0000000000000b88        0x0
 .igot.plt      0x0000000000000b88        0x0 /usr/lib/gcc/arm-none-eabi/5.2.0/armv7-m/crtbegin.o

.bss            0x0000000000000b88      0x500
 *(.bss)
 *(.bss.*)
 .bss.window    0x0000000000000b88        0x4 src/bso.c.18.o
 .bss.s_uptime_buffer.7034
                0x0000000000000b8c       0x20 src/bso.c.18.o
 .bss.history   0x0000000000000bac      0x4b0 src/bso.c.18.o
 .bss.strike_layer
                0x000000000000105c        0x4 src/bso.c.18.o
 .bss.inning_layer
                0x0000000000001060        0x4 src/bso.c.18.o
 .bss.s_uptime  0x0000000000001064        0x4 src/bso.c.18.o
 .bss.strike    0x0000000000001068        0x4 src/bso.c.18.o
 .bss.ball      0x000000000000106c        0x4 src/bso.c.18.o
 .bss.timer_layer
                0x0000000000001070        0x4 src/bso.c.18.o
 .bss.out_layer
                0x0000000000001074        0x4 src/bso.c.18.o
 .bss.out       0x0000000000001078        0x4 src/bso.c.18.o
 .bss.inning_count
                0x000000000000107c        0x4 src/bso.c.18.o
 .bss.history_count
                0x0000000000001080        0x4 src/bso.c.18.o
 .bss.ball_layer
                0x0000000000001084        0x4 src/bso.c.18.o

DISCARD
 libc.a(*)
 libm.a(*)
 libgcc.a(*)
 *(.eh_frame)
OUTPUT(/home/onoue/dev/pebble/bso/build/aplite/pebble-app.elf elf32-littlearm)

.ARM.attributes
                0x0000000000000000       0x29
 .ARM.attributes
                0x0000000000000000       0x1d /usr/lib/gcc/arm-none-eabi/5.2.0/armv7-m/crti.o
 .ARM.attributes
                0x000000000000001d       0x2d /usr/lib/gcc/arm-none-eabi/5.2.0/armv7-m/crtbegin.o
 .ARM.attributes
                0x000000000000004a       0x1b /usr/lib/gcc/arm-none-eabi/5.2.0/../../../../arm-none-eabi/lib/armv7-m/crt0.o
 .ARM.attributes
                0x0000000000000065       0x33 src/bso.c.18.o
 .ARM.attributes
                0x0000000000000098       0x33 aplite/appinfo.auto.c.18.o
 .ARM.attributes
                0x00000000000000cb       0x21 /opt/pebble/Pebble/aplite/lib/libpebble.a(tmpvXKNpYpebble.o)
 .ARM.attributes
                0x00000000000000ec       0x2d /usr/lib/gcc/arm-none-eabi/5.2.0/../../../../arm-none-eabi/lib/armv7-m/libc.a(lib_a-atexit.o)
 .ARM.attributes
                0x0000000000000119       0x2d /usr/lib/gcc/arm-none-eabi/5.2.0/../../../../arm-none-eabi/lib/armv7-m/libc.a(lib_a-exit.o)
 .ARM.attributes
                0x0000000000000146       0x2d /usr/lib/gcc/arm-none-eabi/5.2.0/../../../../arm-none-eabi/lib/armv7-m/libc.a(lib_a-fini.o)
 .ARM.attributes
                0x0000000000000173       0x2d /usr/lib/gcc/arm-none-eabi/5.2.0/../../../../arm-none-eabi/lib/armv7-m/libc.a(lib_a-impure.o)
 .ARM.attributes
                0x00000000000001a0       0x2d /usr/lib/gcc/arm-none-eabi/5.2.0/../../../../arm-none-eabi/lib/armv7-m/libc.a(lib_a-init.o)
 .ARM.attributes
                0x00000000000001cd       0x2d /usr/lib/gcc/arm-none-eabi/5.2.0/../../../../arm-none-eabi/lib/armv7-m/libc.a(lib_a-__atexit.o)
 .ARM.attributes
                0x00000000000001fa       0x2d /usr/lib/gcc/arm-none-eabi/5.2.0/../../../../arm-none-eabi/lib/armv7-m/libc.a(lib_a-__call_atexit.o)
 .ARM.attributes
                0x0000000000000227       0x2d /usr/lib/gcc/arm-none-eabi/5.2.0/armv7-m/crtend.o
 .ARM.attributes
                0x0000000000000254       0x1d /usr/lib/gcc/arm-none-eabi/5.2.0/armv7-m/crtn.o

.comment        0x0000000000000000       0x1d
 .comment       0x0000000000000000       0x1d src/bso.c.18.o
                                         0x1e (size before relaxing)
 .comment       0x000000000000001d       0x1e aplite/appinfo.auto.c.18.o

.debug_info     0x0000000000000000     0x1101
 .debug_info    0x0000000000000000      0xe1d src/bso.c.18.o
 .debug_info    0x0000000000000e1d      0x2e4 aplite/appinfo.auto.c.18.o

.debug_abbrev   0x0000000000000000      0x398
 .debug_abbrev  0x0000000000000000      0x2f8 src/bso.c.18.o
 .debug_abbrev  0x00000000000002f8       0xa0 aplite/appinfo.auto.c.18.o

.debug_loc      0x0000000000000000      0x416
 .debug_loc     0x0000000000000000      0x416 src/bso.c.18.o

.debug_aranges  0x0000000000000000       0xa0
 .debug_aranges
                0x0000000000000000       0x88 src/bso.c.18.o
 .debug_aranges
                0x0000000000000088       0x18 aplite/appinfo.auto.c.18.o

.debug_ranges   0x0000000000000000       0xe0
 .debug_ranges  0x0000000000000000       0xe0 src/bso.c.18.o

.debug_line     0x0000000000000000      0x454
 .debug_line    0x0000000000000000      0x35e src/bso.c.18.o
 .debug_line    0x000000000000035e       0xf6 aplite/appinfo.auto.c.18.o

.debug_str      0x0000000000000000      0x846
 .debug_str     0x0000000000000000      0x668 src/bso.c.18.o
                                        0x705 (size before relaxing)
 .debug_str     0x0000000000000668      0x1de aplite/appinfo.auto.c.18.o
                                        0x30b (size before relaxing)

.debug_frame    0x0000000000000000      0x308
 .debug_frame   0x0000000000000000      0x1dc src/bso.c.18.o
 .debug_frame   0x00000000000001dc       0x20 /usr/lib/gcc/arm-none-eabi/5.2.0/../../../../arm-none-eabi/lib/armv7-m/libc.a(lib_a-atexit.o)
 .debug_frame   0x00000000000001fc       0x28 /usr/lib/gcc/arm-none-eabi/5.2.0/../../../../arm-none-eabi/lib/armv7-m/libc.a(lib_a-exit.o)
 .debug_frame   0x0000000000000224       0x34 /usr/lib/gcc/arm-none-eabi/5.2.0/../../../../arm-none-eabi/lib/armv7-m/libc.a(lib_a-fini.o)
 .debug_frame   0x0000000000000258       0x2c /usr/lib/gcc/arm-none-eabi/5.2.0/../../../../arm-none-eabi/lib/armv7-m/libc.a(lib_a-init.o)
 .debug_frame   0x0000000000000284       0x34 /usr/lib/gcc/arm-none-eabi/5.2.0/../../../../arm-none-eabi/lib/armv7-m/libc.a(lib_a-__atexit.o)
 .debug_frame   0x00000000000002b8       0x50 /usr/lib/gcc/arm-none-eabi/5.2.0/../../../../arm-none-eabi/lib/armv7-m/libc.a(lib_a-__call_atexit.o)
